// Jest Snapshot v1, https://goo.gl/fbAQLP

exports[`Header renders correctly 1`] = `
<header>
  <h1>
    Hello, World
  </h1>
</header>
`;
